Erreur lors de l'écriture dans le fichier /out.dot
La création du fichier n'a pas pu avoir lieu. 
