Exclusion des images et fichiers web.
Top 4 :
/A.html : 4
/B.html : 3
/C.html : 2
/D.html : 1
