ERREUR : Heure non comprise entre 0h et 23h :72
Merci de prendre connaissance de la syntaxe :
