Aucun fichier de log fournis. Consultez la syntaxe :
